configpath: ""
quiet: false
log:
  structured: false
  levelopt: panic
  level: ""
  file: ""
anchore-registration:
  registration-id: ""
  integration-name: ""
  integration-description: ""
clioptions:
  configpath: ""
  verbosity: 0
dev:
  profile-cpu: false
kubeconfig:
  path: ""
  cluster: ""
  cluster-cert: ""
  server: ""
  user:
    userconftype: 0
    type: ""
    client-cert: ""
    private-key: ""
    token: ""
kubernetes:
  request-timeout-seconds: 0
  request-batch-size: 0
  worker-pool-size: 0
namespaces: []
kubernetes-request-timeout-seconds: 0
namespace-selectors:
  include: []
  exclude: []
  ignore-empty: false
account-routes: {}
account-route-by-namespace-label:
  key: ""
  default-account: ""
  ignore-missing-label: false
missing-registry-override: ""
missing-tag-policy:
  policy: ""
  tag: ""
runmode: 0
mode: ""
ignore-not-running: false
polling-interval-seconds: 0
health-report-interval-seconds: 0
inventory-report-limits:
  namespaces: 0
  payload-threshold-bytes: 0
metadata-collection:
  nodes:
    include-annotations: []
    include-labels: []
    disable: false
  namespaces:
    include-annotations: []
    include-labels: []
    disable: false
  pods:
    include-annotations: []
    include-labels: []
    disable: false
anchore:
  url: ""
  user: ""
  password: ""
  account: ""
  http:
    insecure: false
    timeout-seconds: 0
verbose-inventory-reports: false
